package medium.pkg.abstracts.weaver;

import org.lara.interpreter.weaver.LaraWeaverEngine;
import java.util.Arrays;
import java.util.List;
import medium.pkg.entities.Location;
import java.util.ArrayList;

/**
 * Abstract Weaver Implementation for MediumWeaver<br>
 * Since the generated abstract classes are always overwritten, their implementation should be done by extending those abstract classes with user-defined classes.<br>
 * The abstract class {@link medium.pkg.abstracts.AMediumWeaverJoinPoint} contains attributes and actions common to all join points.
 * The implementation of the abstract methods is mandatory!
 * @author Lara C.
 */
public abstract class AMediumWeaver extends LaraWeaverEngine {

    /**
     * Get the list of available actions in the weaver
     * 
     * @return list with all actions
     */
    @Override
    public final List<String> getActions() {
        String[] weaverActions= {"insert", "replaceWith"};
        return Arrays.asList(weaverActions);
    }

    /**
     * Returns the name of the root
     * 
     * @return the root name
     */
    @Override
    public final String getRoot() {
        return "root";
    }

    /**
     * Returns a list of classes that may be imported and used in LARA.
     * 
     * @return a list of importable classes
     */
    @Override
    public final List<Class<?>> getAllImportableClasses() {
        Class<?>[] defaultClasses = {Location.class};
        List<Class<?>> otherClasses = this.getImportableClasses();
        List<Class<?>> allClasses = new ArrayList<>(Arrays.asList(defaultClasses));
        allClasses.addAll(otherClasses);
        return allClasses;
    }

    /**
     * Does the generated code implements events?
     * 
     * @return true if implements events, false otherwise
     */
    @Override
    public final boolean implementsEvents() {
        return false;
    }
}
