package medium.pkg.abstracts.joinpoints;

import org.lara.interpreter.exception.AttributeException;
import medium.pkg.entities.Location;
import org.lara.interpreter.exception.ActionException;
import medium.pkg.abstracts.AMediumWeaverJoinPoint;
import java.util.Optional;
import java.util.stream.Collectors;
import java.util.Arrays;
import java.util.List;

/**
 * Auto-Generated class for join point AFunction
 * This class is overwritten by the Weaver Generator.
 * 
 * 
 * @author Lara Weaver Generator
 */
public abstract class AFunction extends AMediumWeaverJoinPoint {

    /**
     * Get value on attribute name
     * @return the attribute's value
     */
    public abstract String getNameImpl();

    /**
     * Get value on attribute name
     * @return the attribute's value
     */
    public final Object getName() {
        try {
        	String result = this.getNameImpl();
        	return result!=null?result:getUndefinedValue();
        } catch(Exception e) {
        	throw new AttributeException(get_class(), "name", e);
        }
    }

    /**
     * Get value on attribute params
     * @return the attribute's value
     */
    public abstract Location getParamsImpl();

    /**
     * Get value on attribute params
     * @return the attribute's value
     */
    public final Object getParams() {
        try {
        	Location result = this.getParamsImpl();
        	return result!=null?result:getUndefinedValue();
        } catch(Exception e) {
        	throw new AttributeException(get_class(), "params", e);
        }
    }

    /**
     * 
     * @param node 
     */
    public AJoinPoint replaceWithImpl(AJoinPoint node) {
        throw new UnsupportedOperationException(get_class()+": Action replaceWith not implemented ");
    }

    /**
     * 
     * @param node 
     */
    public final Object replaceWith(AJoinPoint node) {
        try {
        	AJoinPoint result = this.replaceWithImpl(node);
        	return result!=null?result:getUndefinedValue();
        } catch(Exception e) {
        	throw new ActionException(get_class(), "replaceWith", e);
        }
    }

    /**
     * Returns the join point type of this class
     * @return The join point type
     */
    @Override
    public final String get_class() {
        return "function";
    }
    /**
     * 
     */
    protected enum FunctionAttributes {
        NAME("name"),
        PARAMS("params"),
        LANGUAGE("language");
        private String name;

        /**
         * 
         */
        private FunctionAttributes(String name){
            this.name = name;
        }
        /**
         * Return an attribute enumeration item from a given attribute name
         */
        public static Optional<FunctionAttributes> fromString(String name) {
            return Arrays.asList(values()).stream().filter(attr -> attr.name.equals(name)).findAny();
        }

        /**
         * Return a list of attributes in String format
         */
        public static List<String> getNames() {
            return Arrays.asList(values()).stream().map(FunctionAttributes::name).collect(Collectors.toList());
        }

        /**
         * True if the enum contains the given attribute name, false otherwise.
         */
        public static boolean contains(String name) {
            return fromString(name).isPresent();
        }
    }
}
