package medium.pkg.abstracts.joinpoints;

import medium.pkg.abstracts.AMediumWeaverJoinPoint;
import java.util.Optional;
import java.util.stream.Collectors;
import java.util.Arrays;
import java.util.List;

/**
 * Auto-Generated class for join point AStatement
 * This class is overwritten by the Weaver Generator.
 * 
 * 
 * @author Lara Weaver Generator
 */
public abstract class AStatement extends AMediumWeaverJoinPoint {

    /**
     * Returns the join point type of this class
     * @return The join point type
     */
    @Override
    public final String get_class() {
        return "statement";
    }
    /**
     * 
     */
    protected enum StatementAttributes {
        LANGUAGE("language");
        private String name;

        /**
         * 
         */
        private StatementAttributes(String name){
            this.name = name;
        }
        /**
         * Return an attribute enumeration item from a given attribute name
         */
        public static Optional<StatementAttributes> fromString(String name) {
            return Arrays.asList(values()).stream().filter(attr -> attr.name.equals(name)).findAny();
        }

        /**
         * Return a list of attributes in String format
         */
        public static List<String> getNames() {
            return Arrays.asList(values()).stream().map(StatementAttributes::name).collect(Collectors.toList());
        }

        /**
         * True if the enum contains the given attribute name, false otherwise.
         */
        public static boolean contains(String name) {
            return fromString(name).isPresent();
        }
    }
}
